lambdaT=2    bins=1    midpoint D=0.4981 (thm5 0.5000)  R=2.46 real=2.46 (thm5 2.46) bits/T
lambdaT=2    bins=1    median   D=0.3497 (thm5 0.5000)  R=2.46 real=2.46 (thm5 2.46) bits/T
lambdaT=2    bins=2    midpoint D=0.2500 (thm5 0.2500)  R=3.76 real=3.76 (thm5 3.76) bits/T
lambdaT=2    bins=2    median   D=0.2063 (thm5 0.2500)  R=3.76 real=3.76 (thm5 3.76) bits/T
lambdaT=2    bins=4    midpoint D=0.1246 (thm5 0.1250)  R=5.35 real=5.35 (thm5 5.35) bits/T
lambdaT=2    bins=4    median   D=0.1119 (thm5 0.1250)  R=5.35 real=5.35 (thm5 5.35) bits/T
lambdaT=2    bins=8    midpoint D=0.0619 (thm5 0.0625)  R=7.12 real=7.12 (thm5 7.13) bits/T
lambdaT=2    bins=8    median   D=0.0586 (thm5 0.0625)  R=7.12 real=7.12 (thm5 7.13) bits/T
lambdaT=2    bins=16   midpoint D=0.0312 (thm5 0.0312)  R=9.00 real=9.00 (thm5 9.01) bits/T
lambdaT=2    bins=16   median   D=0.0303 (thm5 0.0312)  R=9.00 real=9.00 (thm5 9.01) bits/T
lambdaT=2    bins=32   midpoint D=0.0155 (thm5 0.0156)  R=10.93 real=10.94 (thm5 10.95) bits/T
lambdaT=2    bins=32   median   D=0.0153 (thm5 0.0156)  R=10.93 real=10.94 (thm5 10.95) bits/T
lambdaT=2    bins=64   midpoint D=0.0078 (thm5 0.0078)  R=12.90 real=12.91 (thm5 12.92) bits/T
lambdaT=2    bins=64   median   D=0.0078 (thm5 0.0078)  R=12.90 real=12.91 (thm5 12.92) bits/T
lambdaT=2    bins=128  midpoint D=0.0039 (thm5 0.0039)  R=14.88 real=14.90 (thm5 14.90) bits/T
lambdaT=2    bins=128  median   D=0.0039 (thm5 0.0039)  R=14.88 real=14.90 (thm5 14.90) bits/T
lambdaT=2    bins=256  midpoint D=0.0019 (thm5 0.0020)  R=16.87 real=16.90 (thm5 16.89) bits/T
lambdaT=2    bins=256  median   D=0.0019 (thm5 0.0020)  R=16.87 real=16.90 (thm5 16.89) bits/T
lambdaT=5    bins=1    midpoint D=1.2446 (thm5 1.2500)  R=3.19 real=3.19 (thm5 3.18) bits/T
lambdaT=5    bins=1    median   D=0.6419 (thm5 1.2500)  R=3.19 real=3.19 (thm5 3.18) bits/T
lambdaT=5    bins=2    midpoint D=0.6260 (thm5 0.6250)  R=5.30 real=5.30 (thm5 5.28) bits/T
lambdaT=5    bins=2    median   D=0.4106 (thm5 0.6250)  R=5.30 real=5.30 (thm5 5.28) bits/T
lambdaT=5    bins=4    midpoint D=0.3123 (thm5 0.3125)  R=8.27 real=8.28 (thm5 8.27) bits/T
lambdaT=5    bins=4    median   D=0.2456 (thm5 0.3125)  R=8.27 real=8.28 (thm5 8.27) bits/T
lambdaT=5    bins=8    midpoint D=0.1561 (thm5 0.1562)  R=12.04 real=12.04 (thm5 12.04) bits/T
lambdaT=5    bins=8    median   D=0.1371 (thm5 0.1562)  R=12.04 real=12.04 (thm5 12.04) bits/T
lambdaT=5    bins=16   midpoint D=0.0781 (thm5 0.0781)  R=16.34 real=16.34 (thm5 16.35) bits/T
lambdaT=5    bins=16   median   D=0.0731 (thm5 0.0781)  R=16.34 real=16.34 (thm5 16.35) bits/T
lambdaT=5    bins=32   midpoint D=0.0390 (thm5 0.0391)  R=20.97 real=20.98 (thm5 20.99) bits/T
lambdaT=5    bins=32   median   D=0.0377 (thm5 0.0391)  R=20.97 real=20.98 (thm5 20.99) bits/T
lambdaT=5    bins=64   midpoint D=0.0195 (thm5 0.0195)  R=25.78 real=25.79 (thm5 25.80) bits/T
lambdaT=5    bins=64   median   D=0.0191 (thm5 0.0195)  R=25.78 real=25.79 (thm5 25.80) bits/T
lambdaT=5    bins=128  midpoint D=0.0097 (thm5 0.0098)  R=30.68 real=30.69 (thm5 30.70) bits/T
lambdaT=5    bins=128  median   D=0.0097 (thm5 0.0098)  R=30.68 real=30.69 (thm5 30.70) bits/T
lambdaT=5    bins=256  midpoint D=0.0049 (thm5 0.0049)  R=35.63 real=35.66 (thm5 35.65) bits/T
lambdaT=5    bins=256  median   D=0.0049 (thm5 0.0049)  R=35.63 real=35.66 (thm5 35.65) bits/T
lambdaT=10   bins=1    midpoint D=2.5024 (thm5 2.5000)  R=3.70 real=3.70 (thm5 3.70) bits/T
lambdaT=10   bins=1    median   D=0.9504 (thm5 2.5000)  R=3.70 real=3.70 (thm5 3.70) bits/T
lambdaT=10   bins=2    midpoint D=1.2560 (thm5 1.2500)  R=6.37 real=6.37 (thm5 6.36) bits/T
lambdaT=10   bins=2    median   D=0.6437 (thm5 1.2500)  R=6.37 real=6.37 (thm5 6.36) bits/T
lambdaT=10   bins=4    midpoint D=0.6259 (thm5 0.6250)  R=10.58 real=10.58 (thm5 10.56) bits/T
lambdaT=10   bins=4    median   D=0.4124 (thm5 0.6250)  R=10.58 real=10.58 (thm5 10.56) bits/T
lambdaT=10   bins=8    midpoint D=0.3131 (thm5 0.3125)  R=16.58 real=16.58 (thm5 16.55) bits/T
lambdaT=10   bins=8    median   D=0.2464 (thm5 0.3125)  R=16.58 real=16.58 (thm5 16.55) bits/T
lambdaT=10   bins=16   midpoint D=0.1565 (thm5 0.1562)  R=24.12 real=24.12 (thm5 24.09) bits/T
lambdaT=10   bins=16   median   D=0.1374 (thm5 0.1562)  R=24.12 real=24.12 (thm5 24.09) bits/T
lambdaT=10   bins=32   midpoint D=0.0785 (thm5 0.0781)  R=32.75 real=32.75 (thm5 32.71) bits/T
lambdaT=10   bins=32   median   D=0.0734 (thm5 0.0781)  R=32.75 real=32.75 (thm5 32.71) bits/T
lambdaT=10   bins=64   midpoint D=0.0391 (thm5 0.0391)  R=42.03 real=42.04 (thm5 41.97) bits/T
lambdaT=10   bins=64   median   D=0.0378 (thm5 0.0391)  R=42.03 real=42.04 (thm5 41.97) bits/T
lambdaT=10   bins=128  midpoint D=0.0195 (thm5 0.0195)  R=51.68 real=51.69 (thm5 51.59) bits/T
lambdaT=10   bins=128  median   D=0.0192 (thm5 0.0195)  R=51.68 real=51.69 (thm5 51.59) bits/T
lambdaT=10   bins=256  midpoint D=0.0098 (thm5 0.0098)  R=61.51 real=61.54 (thm5 61.40) bits/T
lambdaT=10   bins=256  median   D=0.0097 (thm5 0.0098)  R=61.51 real=61.54 (thm5 61.40) bits/T
wrote /home/mouad/documents/centrale-supelec/year3/filiere-metiers-de-recherche/02-deliverables/snn-encoders/task2-simplified-point-processes/runs/baseline/baseline.json
wrote /home/mouad/documents/centrale-supelec/year3/filiere-metiers-de-recherche/02-deliverables/snn-encoders/task2-simplified-point-processes/figures/rd-theory-baseline.png
